---
source: crates/batten/tests/it/snapshots.rs
expression: stdout_of(&output)
---
{
  "spec_version": 1,
  "path": "batten",
  "id": null,
  "about": "Agent-era completion gate: repo-state conformance checks enforced at the agent's tool call.",
  "effect": "ask",
  "data_channel": false,
  "flags": [
    {
      "name": "config_from",
      "short": null,
      "long": "config-from",
      "takes_value": true,
      "positional": false,
      "help": "Read the committed config from a git ref (e.g. origin/main) instead of the working tree"
    },
    {
      "name": "config_in",
      "short": null,
      "long": "config-in",
      "takes_value": true,
      "positional": false,
      "help": "Read the committed config from this directory instead of the directory being judged"
    },
    {
      "name": "debug",
      "short": null,
      "long": "debug",
      "takes_value": false,
      "positional": false,
      "help": "Add resolution detail"
    },
    {
      "name": "fail_on_warning",
      "short": null,
      "long": "fail-on-warning",
      "takes_value": false,
      "positional": false,
      "help": "Promote a warn-severity finding to a violation (an override may only turn this on)"
    },
    {
      "name": "log_level",
      "short": null,
      "long": "log-level",
      "takes_value": true,
      "positional": false,
      "help": "Set the verbosity rung by name"
    },
    {
      "name": "no_color",
      "short": null,
      "long": "no-color",
      "takes_value": false,
      "positional": false,
      "help": "Never colour stderr, whatever it is attached to"
    },
    {
      "name": "no_input",
      "short": null,
      "long": "no-input",
      "takes_value": false,
      "positional": false,
      "help": "Never prompt; treat the run as unattended"
    },
    {
      "name": "quiet",
      "short": "q",
      "long": "quiet",
      "takes_value": false,
      "positional": false,
      "help": "Suppress ordinary progress (repeatable: -qq is silent)"
    },
    {
      "name": "silent",
      "short": null,
      "long": "silent",
      "takes_value": false,
      "positional": false,
      "help": "Say nothing but a verdict or a usage error"
    },
    {
      "name": "strictness",
      "short": null,
      "long": "strictness",
      "takes_value": true,
      "positional": false,
      "help": "Raise how strictly gates apply (an override may only tighten policy)"
    },
    {
      "name": "trace",
      "short": null,
      "long": "trace",
      "takes_value": false,
      "positional": false,
      "help": "Add everything"
    },
    {
      "name": "verbose",
      "short": "v",
      "long": "verbose",
      "takes_value": false,
      "positional": false,
      "help": "Explain what is being checked (repeatable: -vv is debug)"
    },
    {
      "name": "yes",
      "short": "y",
      "long": "yes",
      "takes_value": false,
      "positional": false,
      "help": "Confirm a destructive operation that would otherwise refuse"
    }
  ],
  "subcommands": [
    {
      "path": "attribution",
      "id": "attribution",
      "about": "What produced commits may carry about the tooling that made them",
      "effect": "unclassified",
      "data_channel": false,
      "flags": [],
      "subcommands": [
        {
          "path": "attribution check",
          "id": "attribution.check",
          "about": "Refuse vendor authorship, branding or session links in commit metadata",
          "effect": "read",
          "data_channel": true,
          "flags": [
            {
              "name": "harness",
              "short": null,
              "long": "harness",
              "takes_value": true,
              "positional": false,
              "help": "Report the attribution capabilities this host declares, and capture at that fidelity"
            },
            {
              "name": "json",
              "short": "J",
              "long": "json",
              "takes_value": false,
              "positional": false,
              "help": "Emit byte-stable JSON instead of pointer lines"
            },
            {
              "name": "message",
              "short": null,
              "long": "message",
              "takes_value": true,
              "positional": false,
              "help": "Judge one pending commit message file, before the commit exists"
            },
            {
              "name": "range",
              "short": null,
              "long": null,
              "takes_value": true,
              "positional": true,
              "help": "Judge every non-merge commit in this range (<base>..<head>)"
            }
          ],
          "subcommands": []
        },
        {
          "path": "attribution identity",
          "id": "attribution.identity",
          "about": "Set this clone's repo-local git identity when it is unset or denied",
          "effect": "write",
          "data_channel": false,
          "flags": [],
          "subcommands": []
        }
      ]
    },
    {
      "path": "baseline",
      "id": "baseline",
      "about": "Record the findings that already exist, so only new ones fail",
      "effect": "write",
      "data_channel": false,
      "flags": [
        {
          "name": "dry_run",
          "short": "n",
          "long": "dry-run",
          "takes_value": false,
          "positional": false,
          "help": "Preview what would be applied, writing nothing"
        },
        {
          "name": "prune",
          "short": null,
          "long": "prune",
          "takes_value": false,
          "positional": false,
          "help": "Drop baseline entries whose finding no longer exists, and ratchet reduced counts down"
        }
      ],
      "subcommands": []
    },
    {
      "path": "capture",
      "id": "capture",
      "about": "Captured command output: navigate what `exec` already ran, without running it again",
      "effect": "unclassified",
      "data_channel": false,
      "flags": [],
      "subcommands": [
        {
          "path": "capture find",
          "id": "capture.find",
          "about": "Resolve a stored tool response by the key it carries, with no handle to look up first",
          "effect": "read",
          "data_channel": true,
          "flags": [
            {
              "name": "json",
              "short": "J",
              "long": "json",
              "takes_value": false,
              "positional": false,
              "help": "Emit byte-stable JSON instead of pointer lines"
            },
            {
              "name": "key",
              "short": null,
              "long": null,
              "takes_value": true,
              "positional": true,
              "help": "The key the response must carry, e.g. an issue id"
            },
            {
              "name": "key_at",
              "short": null,
              "long": "key-at",
              "takes_value": true,
              "positional": false,
              "help": "The dotted path the key sits at in the response"
            },
            {
              "name": "raw",
              "short": null,
              "long": "raw",
              "takes_value": false,
              "positional": false,
              "help": "Write the selected bytes to stdout verbatim, with no decode and no added newline"
            },
            {
              "name": "tool",
              "short": null,
              "long": "tool",
              "takes_value": true,
              "positional": false,
              "help": "The tool whose response to resolve, matched whole or as a `__`-delimited final segment; repeatable"
            }
          ],
          "subcommands": []
        },
        {
          "path": "capture list",
          "id": "capture.list",
          "about": "List this repository's captures as handles, in a fixed order",
          "effect": "read",
          "data_channel": true,
          "flags": [
            {
              "name": "calls",
              "short": null,
              "long": "calls",
              "takes_value": false,
              "positional": false,
              "help": "List recorded calls instead of stored captures, in a byte-stable order"
            },
            {
              "name": "json",
              "short": "J",
              "long": "json",
              "takes_value": false,
              "positional": false,
              "help": "Emit byte-stable JSON instead of pointer lines"
            },
            {
              "name": "stream",
              "short": null,
              "long": "stream",
              "takes_value": true,
              "positional": false,
              "help": "Only captures of this stream"
            }
          ],
          "subcommands": []
        },
        {
          "path": "capture prune",
          "id": "capture.prune",
          "about": "Remove this repository's captures — the one removal path; captures never expire on their own",
          "effect": "destructive",
          "data_channel": false,
          "flags": [
            {
              "name": "dry_run",
              "short": "n",
              "long": "dry-run",
              "takes_value": false,
              "positional": false,
              "help": "Preview what would be applied, writing nothing"
            }
          ],
          "subcommands": []
        },
        {
          "path": "capture show",
          "id": "capture.show",
          "about": "Print a capture's pointer, or the lines a selection asks for, with no second run",
          "effect": "read",
          "data_channel": true,
          "flags": [
            {
              "name": "bytes",
              "short": null,
              "long": "bytes",
              "takes_value": true,
              "positional": false,
              "help": "A 0-indexed half-open byte range, `FROM:TO`, either side omittable, clamped to the capture"
            },
            {
              "name": "grep",
              "short": null,
              "long": "grep",
              "takes_value": true,
              "positional": false,
              "help": "Only lines containing this literal substring"
            },
            {
              "name": "handle",
              "short": null,
              "long": null,
              "takes_value": true,
              "positional": true,
              "help": "The `<stream>:<digest>` handle to read"
            },
            {
              "name": "json",
              "short": "J",
              "long": "json",
              "takes_value": false,
              "positional": false,
              "help": "Emit byte-stable JSON instead of pointer lines"
            },
            {
              "name": "lines",
              "short": null,
              "long": "lines",
              "takes_value": true,
              "positional": false,
              "help": "A 1-indexed inclusive line range, `FROM:TO`, clamped to the capture"
            },
            {
              "name": "raw",
              "short": null,
              "long": "raw",
              "takes_value": false,
              "positional": false,
              "help": "Write the selected bytes to stdout verbatim, with no decode and no added newline"
            }
          ],
          "subcommands": []
        }
      ]
    },
    {
      "path": "check",
      "id": "check",
      "about": "Run the applicable read-only gates against the repository",
      "effect": "read",
      "data_channel": true,
      "flags": [
        {
          "name": "json",
          "short": "J",
          "long": "json",
          "takes_value": false,
          "positional": false,
          "help": "Emit byte-stable JSON instead of pointer lines"
        },
        {
          "name": "rule",
          "short": null,
          "long": "rule",
          "takes_value": true,
          "positional": false,
          "help": "Run only the declared rule with this id"
        },
        {
          "name": "since",
          "short": null,
          "long": "since",
          "takes_value": true,
          "positional": false,
          "help": "Judge only the paths changed against this rev"
        },
        {
          "name": "staged",
          "short": null,
          "long": "staged",
          "takes_value": false,
          "positional": false,
          "help": "Judge only the paths staged in the git index"
        }
      ],
      "subcommands": []
    },
    {
      "path": "checks",
      "id": "checks",
      "about": "Whether a commit's check runs answer the question a landing depends on",
      "effect": "unclassified",
      "data_channel": false,
      "flags": [],
      "subcommands": [
        {
          "path": "checks green",
          "id": "checks.green",
          "about": "Refuse a head whose required checks are red, still running, or not yet registered",
          "effect": "read",
          "data_channel": true,
          "flags": [
            {
              "name": "absent_ok",
              "short": null,
              "long": "absent-ok",
              "takes_value": true,
              "positional": false,
              "help": "Comma-separated check names for which having no run at all is a legitimate reading"
            },
            {
              "name": "answered",
              "short": null,
              "long": "answered",
              "takes_value": true,
              "positional": false,
              "help": "Comma-separated conclusions that constitute an answer; anything else is not yet one"
            },
            {
              "name": "fanin",
              "short": null,
              "long": "fanin",
              "takes_value": true,
              "positional": false,
              "help": "The fan-in check whose failure a cancelled sibling can manufacture"
            },
            {
              "name": "json",
              "short": "J",
              "long": "json",
              "takes_value": false,
              "positional": false,
              "help": "Emit byte-stable JSON instead of pointer lines"
            },
            {
              "name": "required",
              "short": null,
              "long": "required",
              "takes_value": true,
              "positional": false,
              "help": "Comma-separated check names that carry a verdict about this repository"
            }
          ],
          "subcommands": []
        }
      ]
    },
    {
      "path": "claim",
      "id": "claim",
      "about": "Whether the issue you are about to pull is actually unclaimed",
      "effect": "unclassified",
      "data_channel": false,
      "flags": [],
      "subcommands": [
        {
          "path": "claim bot",
          "id": "claim.bot",
          "about": "Attest a bot branch from the lane's public facts, and mint the receipt when they hold",
          "effect": "write",
          "data_channel": false,
          "flags": [],
          "subcommands": []
        },
        {
          "path": "claim carry",
          "id": "claim.carry",
          "about": "Attest that this branch only carries licence rows forward, and mint the receipt when it does",
          "effect": "write",
          "data_channel": true,
          "flags": [
            {
              "name": "json",
              "short": "J",
              "long": "json",
              "takes_value": false,
              "positional": false,
              "help": "Emit byte-stable JSON instead of pointer lines"
            }
          ],
          "subcommands": []
        },
        {
          "path": "claim check",
          "id": "claim.check",
          "about": "Refuse a pull of an issue somebody is already on, and mint the receipt when it is free",
          "effect": "write",
          "data_channel": true,
          "flags": [
            {
              "name": "adopt",
              "short": null,
              "long": "adopt",
              "takes_value": false,
              "positional": false,
              "help": "Re-key an orphaned claim receipt onto this branch instead of judging a payload"
            },
            {
              "name": "adopt_from",
              "short": null,
              "long": "adopt-from",
              "takes_value": true,
              "positional": false,
              "help": "The branch name the receipt being adopted was minted under"
            },
            {
              "name": "bypass_sequence",
              "short": null,
              "long": "bypass-sequence",
              "takes_value": false,
              "positional": false,
              "help": "Skip the refinement-sequence rules, recorded in the receipt as a bypass"
            },
            {
              "name": "issue",
              "short": null,
              "long": "issue",
              "takes_value": true,
              "positional": false,
              "help": "Resolve the payload from the capture store by this issue key instead of reading stdin"
            },
            {
              "name": "json",
              "short": "J",
              "long": "json",
              "takes_value": false,
              "positional": false,
              "help": "Emit byte-stable JSON instead of pointer lines"
            },
            {
              "name": "takeover",
              "short": null,
              "long": "takeover",
              "takes_value": false,
              "positional": false,
              "help": "Claim over the competitor refusals, recording in the receipt which ones were overridden"
            }
          ],
          "subcommands": []
        }
      ]
    },
    {
      "path": "commit",
      "id": "commit",
      "about": "The shape a commit must take here: what its subject may say",
      "effect": "read",
      "data_channel": false,
      "flags": [],
      "subcommands": [
        {
          "path": "commit check",
          "id": "commit.check",
          "about": "Refuse a commit subject that does not follow the configured convention",
          "effect": "read",
          "data_channel": true,
          "flags": [
            {
              "name": "json",
              "short": "J",
              "long": "json",
              "takes_value": false,
              "positional": false,
              "help": "Emit byte-stable JSON instead of pointer lines"
            },
            {
              "name": "message",
              "short": null,
              "long": "message",
              "takes_value": true,
              "positional": false,
              "help": "Judge one pending commit message file, before the commit exists"
            },
            {
              "name": "range",
              "short": null,
              "long": null,
              "takes_value": true,
              "positional": true,
              "help": "Judge every non-merge commit in this range (<base>..<head>)"
            }
          ],
          "subcommands": []
        }
      ]
    },
    {
      "path": "config",
      "id": "config",
      "about": "Inspect configuration",
      "effect": "read",
      "data_channel": false,
      "flags": [],
      "subcommands": [
        {
          "path": "config deprecations",
          "id": "config.deprecations",
          "about": "Report schema keys removed since a published release with no deprecation window",
          "effect": "read",
          "data_channel": true,
          "flags": [
            {
              "name": "against",
              "short": null,
              "long": null,
              "takes_value": true,
              "positional": true,
              "help": "The git ref whose published schema is the baseline (e.g. v0.0.111)"
            },
            {
              "name": "json",
              "short": "J",
              "long": "json",
              "takes_value": false,
              "positional": false,
              "help": "Emit byte-stable JSON instead of pointer lines"
            }
          ],
          "subcommands": []
        },
        {
          "path": "config epoch",
          "id": "config.epoch",
          "about": "Print the content hash of the governing config surface",
          "effect": "read",
          "data_channel": true,
          "flags": [
            {
              "name": "json",
              "short": "J",
              "long": "json",
              "takes_value": false,
              "positional": false,
              "help": "Emit byte-stable JSON instead of pointer lines"
            },
            {
              "name": "no_cache",
              "short": null,
              "long": "no-cache",
              "takes_value": false,
              "positional": false,
              "help": "Recompute the epoch from the tracked files' bytes, ignoring the cached value"
            }
          ],
          "subcommands": []
        },
        {
          "path": "config lint",
          "id": "config.lint",
          "about": "Report policy smells in batten.toml (any smell is a violation)",
          "effect": "read",
          "data_channel": true,
          "flags": [
            {
              "name": "host_rules",
              "short": null,
              "long": "host-rules",
              "takes_value": true,
              "positional": false,
              "help": "Compare the committed [ci] table against a host ruleset payload (path, or - for stdin)"
            },
            {
              "name": "json",
              "short": "J",
              "long": "json",
              "takes_value": false,
              "positional": false,
              "help": "Emit byte-stable JSON instead of pointer lines"
            }
          ],
          "subcommands": []
        },
        {
          "path": "config show",
          "id": "config.show",
          "about": "Print the effective configuration",
          "effect": "read",
          "data_channel": true,
          "flags": [
            {
              "name": "json",
              "short": "J",
              "long": "json",
              "takes_value": false,
              "positional": false,
              "help": "Emit byte-stable JSON instead of pointer lines"
            }
          ],
          "subcommands": []
        }
      ]
    },
    {
      "path": "defects",
      "id": "defects",
      "about": "The append-only defect ledger: the lessons this repository has already paid for",
      "effect": "unclassified",
      "data_channel": false,
      "flags": [],
      "subcommands": [
        {
          "path": "defects add",
          "id": "defects.add",
          "about": "Append defect records read as JSONL on stdin",
          "effect": "write",
          "data_channel": false,
          "flags": [
            {
              "name": "dry_run",
              "short": "n",
              "long": "dry-run",
              "takes_value": false,
              "positional": false,
              "help": "Preview what would be applied, writing nothing"
            }
          ],
          "subcommands": []
        },
        {
          "path": "defects query",
          "id": "defects.query",
          "about": "List recorded defects, as pointers",
          "effect": "read",
          "data_channel": true,
          "flags": [
            {
              "name": "class",
              "short": null,
              "long": "class",
              "takes_value": true,
              "positional": false,
              "help": "Only records in this taxonomy class"
            },
            {
              "name": "id",
              "short": null,
              "long": "id",
              "takes_value": true,
              "positional": false,
              "help": "Only the record with this id"
            },
            {
              "name": "json",
              "short": "J",
              "long": "json",
              "takes_value": false,
              "positional": false,
              "help": "Emit byte-stable JSON instead of pointer lines"
            },
            {
              "name": "ungated",
              "short": null,
              "long": "ungated",
              "takes_value": false,
              "positional": false,
              "help": "Only records no rule or gate discharges yet"
            }
          ],
          "subcommands": []
        }
      ]
    },
    {
      "path": "design",
      "id": "design",
      "about": "Design-evidence claims: the integrity of the record behind a decision",
      "effect": "unclassified",
      "data_channel": false,
      "flags": [],
      "subcommands": [
        {
          "path": "design audit",
          "id": "design.audit",
          "about": "Audit a JSONL design-evidence claim stream on stdin for record integrity",
          "effect": "read",
          "data_channel": true,
          "flags": [
            {
              "name": "json",
              "short": "J",
              "long": "json",
              "takes_value": false,
              "positional": false,
              "help": "Emit byte-stable JSON instead of pointer lines"
            }
          ],
          "subcommands": []
        }
      ]
    },
    {
      "path": "doctor",
      "id": "doctor",
      "about": "Diagnose whether Batten can run in this repository",
      "effect": "read",
      "data_channel": true,
      "flags": [
        {
          "name": "json",
          "short": "J",
          "long": "json",
          "takes_value": false,
          "positional": false,
          "help": "Emit byte-stable JSON instead of pointer lines"
        }
      ],
      "subcommands": [
        {
          "path": "doctor hooks",
          "id": "doctor.hooks",
          "about": "Diagnose whether batten is wired on every hook surface of every harness",
          "effect": "read",
          "data_channel": true,
          "flags": [
            {
              "name": "json",
              "short": "J",
              "long": "json",
              "takes_value": false,
              "positional": false,
              "help": "Emit byte-stable JSON instead of pointer lines"
            }
          ],
          "subcommands": []
        }
      ]
    },
    {
      "path": "enforce",
      "id": "enforce",
      "about": "Run every configured rule, including kinds that execute a configured command",
      "effect": "unclassified",
      "data_channel": true,
      "flags": [
        {
          "name": "json",
          "short": "J",
          "long": "json",
          "takes_value": false,
          "positional": false,
          "help": "Emit byte-stable JSON instead of pointer lines"
        },
        {
          "name": "rule",
          "short": null,
          "long": "rule",
          "takes_value": true,
          "positional": false,
          "help": "Run only the declared rule with this id"
        }
      ],
      "subcommands": []
    },
    {
      "path": "exec",
      "id": "exec",
      "about": "Run a command — or a `:::` bundle — and report a pointer to what it wrote",
      "effect": "unclassified",
      "data_channel": false,
      "flags": [
        {
          "name": "capture_only",
          "short": null,
          "long": "capture-only",
          "takes_value": false,
          "positional": false,
          "help": "Store the child's streams and report their handles instead of passing the bytes through"
        },
        {
          "name": "command",
          "short": null,
          "long": null,
          "takes_value": true,
          "positional": true,
          "help": "The command to run, after `--`, with its own arguments intact"
        },
        {
          "name": "continue_on_error",
          "short": null,
          "long": "continue-on-error",
          "takes_value": false,
          "positional": false,
          "help": "Run the rest of a `:::` bundle after a command fails"
        },
        {
          "name": "format",
          "short": null,
          "long": "format",
          "takes_value": true,
          "positional": false,
          "help": "How Batten's own record is encoded (hk's axis)"
        },
        {
          "name": "jobs",
          "short": null,
          "long": "jobs",
          "takes_value": true,
          "positional": false,
          "help": "How many of a `:::` bundle's commands run at once"
        },
        {
          "name": "style",
          "short": null,
          "long": "style",
          "takes_value": true,
          "positional": false,
          "help": "How a teed child's bytes are presented, and whose output is suppressed (mise's axis)"
        },
        {
          "name": "tee",
          "short": null,
          "long": "tee",
          "takes_value": false,
          "positional": false,
          "help": "Copy the child's streams onto Batten's own, as well as capturing them"
        }
      ],
      "subcommands": []
    },
    {
      "path": "generate",
      "id": "generate",
      "about": "Emit artifacts derived from the command spec, on stdout",
      "effect": "read",
      "data_channel": false,
      "flags": [],
      "subcommands": [
        {
          "path": "generate completions",
          "id": "generate.completions",
          "about": "Emit the shell completion script for one shell",
          "effect": "read",
          "data_channel": false,
          "flags": [
            {
              "name": "shell",
              "short": null,
              "long": "shell",
              "takes_value": true,
              "positional": false,
              "help": "The shell whose completion script to emit"
            }
          ],
          "subcommands": []
        },
        {
          "path": "generate hooks",
          "id": "generate.hooks",
          "about": "Emit one harness's hook registrations, on stdout",
          "effect": "read",
          "data_channel": false,
          "flags": [
            {
              "name": "harness",
              "short": null,
              "long": "harness",
              "takes_value": true,
              "positional": false,
              "help": "The harness whose hook registrations to emit"
            }
          ],
          "subcommands": []
        },
        {
          "path": "generate man",
          "id": "generate.man",
          "about": "Emit the roff man page for one command, on stdout",
          "effect": "read",
          "data_channel": false,
          "flags": [
            {
              "name": "command",
              "short": null,
              "long": null,
              "takes_value": true,
              "positional": true,
              "help": "The root-relative command path to document ('config show'); omit for the root page"
            }
          ],
          "subcommands": []
        },
        {
          "path": "generate markdown",
          "id": "generate.markdown",
          "about": "Emit the whole command surface as one markdown reference, on stdout",
          "effect": "read",
          "data_channel": false,
          "flags": [],
          "subcommands": []
        },
        {
          "path": "generate schema",
          "id": "generate.schema",
          "about": "Emit the JSON Schema for a config or policy-input surface, derived from the types that define it",
          "effect": "read",
          "data_channel": false,
          "flags": [
            {
              "name": "surface",
              "short": null,
              "long": "surface",
              "takes_value": true,
              "positional": false,
              "help": "Which surface to describe: the committed authority, the override layer, or a policy-input document"
            }
          ],
          "subcommands": []
        }
      ]
    },
    {
      "path": "hook",
      "id": "hook",
      "about": "Adjudicate a mediated tool call read from stdin (a deny is exit 2, the one contract)",
      "effect": "unclassified",
      "data_channel": false,
      "flags": [
        {
          "name": "harness",
          "short": null,
          "long": "harness",
          "takes_value": true,
          "positional": false,
          "help": "The harness whose payload to decode and whose decision channel to answer in"
        }
      ],
      "subcommands": []
    },
    {
      "path": "init",
      "id": "init",
      "about": "Write a starter batten.toml, refusing to overwrite an existing one",
      "effect": "write",
      "data_channel": false,
      "flags": [
        {
          "name": "dry_run",
          "short": "n",
          "long": "dry-run",
          "takes_value": false,
          "positional": false,
          "help": "Preview what would be applied, writing nothing"
        }
      ],
      "subcommands": []
    },
    {
      "path": "lease",
      "id": "lease",
      "about": "The landing lease: one branch spends a matrix at a time",
      "effect": "unclassified",
      "data_channel": false,
      "flags": [],
      "subcommands": [
        {
          "path": "lease acquire",
          "id": "lease.acquire",
          "about": "Take the lease, waiting out a live holder and reaping a dead one",
          "effect": "write",
          "data_channel": false,
          "flags": [
            {
              "name": "branch",
              "short": null,
              "long": null,
              "takes_value": true,
              "positional": true,
              "help": "The branch being asked about"
            }
          ],
          "subcommands": []
        },
        {
          "path": "lease authorises",
          "id": "lease.authorises",
          "about": "May this branch spend a matrix right now?",
          "effect": "read",
          "data_channel": false,
          "flags": [
            {
              "name": "branch",
              "short": null,
              "long": null,
              "takes_value": true,
              "positional": true,
              "help": "The branch being asked about"
            }
          ],
          "subcommands": []
        },
        {
          "path": "lease check",
          "id": "lease.check",
          "about": "Gate: the lease is free or a live, well-formed hold — never a wedge and never garbage",
          "effect": "read",
          "data_channel": false,
          "flags": [],
          "subcommands": []
        },
        {
          "path": "lease held",
          "id": "lease.held",
          "about": "Is this clone's lease still held, with a beat of margin to act on?",
          "effect": "read",
          "data_channel": false,
          "flags": [],
          "subcommands": []
        },
        {
          "path": "lease hold",
          "id": "lease.hold",
          "about": "Renew this clone's lease every beat until it is lost or the hold ends",
          "effect": "write",
          "data_channel": false,
          "flags": [],
          "subcommands": []
        },
        {
          "path": "lease peek",
          "id": "lease.peek",
          "about": "Print one advisory field of the held lease, or nothing",
          "effect": "read",
          "data_channel": false,
          "flags": [
            {
              "name": "field",
              "short": null,
              "long": null,
              "takes_value": true,
              "positional": true,
              "help": "Which advisory field to print: branch, head or next"
            }
          ],
          "subcommands": []
        },
        {
          "path": "lease release",
          "id": "lease.release",
          "about": "Hand the lease back, leaving a tombstone rather than deleting the ref",
          "effect": "write",
          "data_channel": false,
          "flags": [],
          "subcommands": []
        },
        {
          "path": "lease renew",
          "id": "lease.renew",
          "about": "Extend this clone's lease by one term",
          "effect": "write",
          "data_channel": false,
          "flags": [],
          "subcommands": []
        },
        {
          "path": "lease reserve",
          "id": "lease.reserve",
          "about": "Take the one slot behind the current holder",
          "effect": "write",
          "data_channel": false,
          "flags": [
            {
              "name": "branch",
              "short": null,
              "long": null,
              "takes_value": true,
              "positional": true,
              "help": "The branch being asked about"
            }
          ],
          "subcommands": []
        },
        {
          "path": "lease status",
          "id": "lease.status",
          "about": "Report who holds the lease, for how much longer, and who is admitted behind them",
          "effect": "read",
          "data_channel": true,
          "flags": [
            {
              "name": "json",
              "short": "J",
              "long": "json",
              "takes_value": false,
              "positional": false,
              "help": "Emit byte-stable JSON instead of pointer lines"
            }
          ],
          "subcommands": []
        }
      ]
    },
    {
      "path": "lint",
      "id": "lint",
      "about": "Lint an artifact against a declared schema",
      "effect": "read",
      "data_channel": false,
      "flags": [],
      "subcommands": [
        {
          "path": "lint brief",
          "id": "lint.brief",
          "about": "Check a delegation brief against the handoff schema (any missing section is a violation)",
          "effect": "read",
          "data_channel": true,
          "flags": [
            {
              "name": "brief",
              "short": null,
              "long": null,
              "takes_value": true,
              "positional": true,
              "help": "The brief to read; omitted or `-` reads stdin"
            },
            {
              "name": "json",
              "short": "J",
              "long": "json",
              "takes_value": false,
              "positional": false,
              "help": "Emit byte-stable JSON instead of pointer lines"
            }
          ],
          "subcommands": []
        }
      ]
    },
    {
      "path": "mcp",
      "id": "mcp",
      "about": "Dispatch a declared MCP call and hand back a reduction instead of the payload",
      "effect": "unclassified",
      "data_channel": false,
      "flags": [],
      "subcommands": [
        {
          "path": "mcp call",
          "id": "mcp.call",
          "about": "Dispatch one declared method, store the response, and print the declared reduction",
          "effect": "unclassified",
          "data_channel": false,
          "flags": [
            {
              "name": "method",
              "short": null,
              "long": null,
              "takes_value": true,
              "positional": true,
              "help": "The method to call"
            },
            {
              "name": "params",
              "short": null,
              "long": null,
              "takes_value": true,
              "positional": true,
              "help": "The method's arguments, as a JSON object; omitted is `{}`"
            },
            {
              "name": "server",
              "short": null,
              "long": null,
              "takes_value": true,
              "positional": true,
              "help": "The server to dispatch to, as a `[[mcp.source]]` names it"
            }
          ],
          "subcommands": []
        }
      ]
    },
    {
      "path": "mutate",
      "id": "mutate",
      "about": "Decide whether this repository's gates discriminate, rather than merely parse",
      "effect": "write",
      "data_channel": false,
      "flags": [],
      "subcommands": [
        {
          "path": "mutate census",
          "id": "mutate.census",
          "about": "Report every gate in the tree that is neither mutation-enforced nor carrying a filed exemption",
          "effect": "read",
          "data_channel": false,
          "flags": [],
          "subcommands": []
        },
        {
          "path": "mutate sweep",
          "id": "mutate.sweep",
          "about": "Apply every declared mutation to its source and report the ones its declared suite did not catch",
          "effect": "write",
          "data_channel": false,
          "flags": [],
          "subcommands": []
        }
      ]
    },
    {
      "path": "override",
      "id": "override",
      "about": "Issued admissions: an override is a record, never a variable somebody knows",
      "effect": "unclassified",
      "data_channel": false,
      "flags": [],
      "subcommands": [
        {
          "path": "override request",
          "id": "override.request",
          "about": "Answer a class's declared precondition and receive an admission for one situation",
          "effect": "write",
          "data_channel": false,
          "flags": [
            {
              "name": "rule",
              "short": null,
              "long": "rule",
              "takes_value": true,
              "positional": false,
              "help": "The rule whose refusal is being overridden"
            },
            {
              "name": "subject",
              "short": null,
              "long": "subject",
              "takes_value": true,
              "positional": false,
              "help": "The gate's canonical subject, exactly as its refusal names it"
            },
            {
              "name": "verdict",
              "short": null,
              "long": "verdict",
              "takes_value": true,
              "positional": false,
              "help": "The verdict token that refusal carries, e.g. diff ship early"
            }
          ],
          "subcommands": []
        },
        {
          "path": "override spend",
          "id": "override.spend",
          "about": "Spend an issued admission against the situation it was issued for",
          "effect": "write",
          "data_channel": false,
          "flags": [
            {
              "name": "admission",
              "short": null,
              "long": "admission",
              "takes_value": true,
              "positional": false,
              "help": "The admission address to spend"
            },
            {
              "name": "rule",
              "short": null,
              "long": "rule",
              "takes_value": true,
              "positional": false,
              "help": "The rule whose refusal is being overridden"
            },
            {
              "name": "subject",
              "short": null,
              "long": "subject",
              "takes_value": true,
              "positional": false,
              "help": "The gate's canonical subject, exactly as its refusal names it"
            },
            {
              "name": "verdict",
              "short": null,
              "long": "verdict",
              "takes_value": true,
              "positional": false,
              "help": "The verdict token that refusal carries, e.g. diff ship early"
            }
          ],
          "subcommands": []
        }
      ]
    },
    {
      "path": "payload",
      "id": "payload",
      "about": "Read a hook payload from stdin",
      "effect": "read",
      "data_channel": false,
      "flags": [],
      "subcommands": [
        {
          "path": "payload field",
          "id": "payload.field",
          "about": "Print one field of a hook payload read from stdin, for a shell hook that must not depend on jq",
          "effect": "read",
          "data_channel": false,
          "flags": [
            {
              "name": "harness",
              "short": null,
              "long": "harness",
              "takes_value": true,
              "positional": false,
              "help": "The harness whose payload dialect to decode"
            },
            {
              "name": "name",
              "short": null,
              "long": "name",
              "takes_value": true,
              "positional": false,
              "help": "Which payload field to print; an allowlist, never a JSON path"
            }
          ],
          "subcommands": []
        }
      ]
    },
    {
      "path": "perf",
      "id": "perf",
      "about": "Measure this repository's own invocation cost",
      "effect": "write",
      "data_channel": false,
      "flags": [],
      "subcommands": [
        {
          "path": "perf pair",
          "id": "perf.pair",
          "about": "Measure this branch and its merge base back to back on one machine, and print both arms as paired records",
          "effect": "write",
          "data_channel": false,
          "flags": [
            {
              "name": "null",
              "short": null,
              "long": "null",
              "takes_value": false,
              "positional": false,
              "help": "Measure HEAD against itself, so the ratio is the noise floor rather than a comparison"
            }
          ],
          "subcommands": []
        }
      ]
    },
    {
      "path": "policy",
      "id": "policy",
      "about": "Inspect the thresholds and path sets this repository holds itself to",
      "effect": "read",
      "data_channel": false,
      "flags": [],
      "subcommands": [
        {
          "path": "policy budget",
          "id": "policy.budget",
          "about": "Judge the always-loaded instruction set against its declared token budget",
          "effect": "read",
          "data_channel": true,
          "flags": [
            {
              "name": "json",
              "short": "J",
              "long": "json",
              "takes_value": false,
              "positional": false,
              "help": "Emit byte-stable JSON instead of pointer lines"
            }
          ],
          "subcommands": []
        },
        {
          "path": "policy explain",
          "id": "policy.explain",
          "about": "Resolve a verdict token to its class definition and the routes out of it",
          "effect": "read",
          "data_channel": true,
          "flags": [
            {
              "name": "json",
              "short": "J",
              "long": "json",
              "takes_value": false,
              "positional": false,
              "help": "Emit byte-stable JSON instead of pointer lines"
            },
            {
              "name": "token",
              "short": null,
              "long": null,
              "takes_value": true,
              "positional": true,
              "help": "The verdict token to resolve, e.g. task name undefined"
            }
          ],
          "subcommands": []
        },
        {
          "path": "policy hooks",
          "id": "policy.hooks",
          "about": "Judge this session's hook output against its declared per-session budget",
          "effect": "read",
          "data_channel": true,
          "flags": [
            {
              "name": "json",
              "short": "J",
              "long": "json",
              "takes_value": false,
              "positional": false,
              "help": "Emit byte-stable JSON instead of pointer lines"
            }
          ],
          "subcommands": []
        },
        {
          "path": "policy test",
          "id": "policy.test",
          "about": "Run each registered module's own `test_` rules and report the predicates none exercised",
          "effect": "read",
          "data_channel": true,
          "flags": [
            {
              "name": "json",
              "short": "J",
              "long": "json",
              "takes_value": false,
              "positional": false,
              "help": "Emit byte-stable JSON instead of pointer lines"
            }
          ],
          "subcommands": []
        },
        {
          "path": "policy tools",
          "id": "policy.tools",
          "about": "Print the tool names the mediated-call rows decide, one per line",
          "effect": "read",
          "data_channel": true,
          "flags": [
            {
              "name": "json",
              "short": "J",
              "long": "json",
              "takes_value": false,
              "positional": false,
              "help": "Emit byte-stable JSON instead of pointer lines"
            }
          ],
          "subcommands": []
        }
      ]
    },
    {
      "path": "pr",
      "id": "pr",
      "about": "The pull request a landing drives, and the answers it waits on",
      "effect": "unclassified",
      "data_channel": false,
      "flags": [],
      "subcommands": [
        {
          "path": "pr closes",
          "id": "pr.closes",
          "about": "Whether a pull request's body still closes a tracker key, asked at the last moment",
          "effect": "unclassified",
          "data_channel": false,
          "flags": [
            {
              "name": "pr",
              "short": null,
              "long": null,
              "takes_value": true,
              "positional": true,
              "help": "The pull request number this verb is about"
            }
          ],
          "subcommands": []
        },
        {
          "path": "pr derive",
          "id": "pr.derive",
          "about": "The tracker row a bot's pull request implies, as a payload the refinement gate reads",
          "effect": "unclassified",
          "data_channel": false,
          "flags": [
            {
              "name": "pr",
              "short": null,
              "long": null,
              "takes_value": true,
              "positional": true,
              "help": "The pull request number this verb is about"
            }
          ],
          "subcommands": []
        },
        {
          "path": "pr ensure",
          "id": "pr.ensure",
          "about": "File the row and link it, doing whatever this tick can and saying what it did",
          "effect": "write",
          "data_channel": false,
          "flags": [
            {
              "name": "pr",
              "short": null,
              "long": null,
              "takes_value": true,
              "positional": true,
              "help": "The pull request number this verb is about"
            }
          ],
          "subcommands": []
        },
        {
          "path": "pr file",
          "id": "pr.file",
          "about": "Open the mirror issue a bot's pull request implies, and report its number",
          "effect": "write",
          "data_channel": false,
          "flags": [
            {
              "name": "pr",
              "short": null,
              "long": null,
              "takes_value": true,
              "positional": true,
              "help": "The pull request number this verb is about"
            }
          ],
          "subcommands": []
        },
        {
          "path": "pr link",
          "id": "pr.link",
          "about": "Write the closing key into a bot pull request's body, so its merge moves the row",
          "effect": "write",
          "data_channel": false,
          "flags": [
            {
              "name": "key",
              "short": null,
              "long": null,
              "takes_value": true,
              "positional": true,
              "help": "The tracker key the pull request should close"
            },
            {
              "name": "pr",
              "short": null,
              "long": null,
              "takes_value": true,
              "positional": true,
              "help": "The pull request number this verb is about"
            }
          ],
          "subcommands": []
        },
        {
          "path": "pr watch",
          "id": "pr.watch",
          "about": "Poll a head's check runs until the required set answers, then report the verdict",
          "effect": "unclassified",
          "data_channel": false,
          "flags": [
            {
              "name": "absent_ok",
              "short": null,
              "long": "absent-ok",
              "takes_value": true,
              "positional": false,
              "help": "Comma-separated check names for which having no run at all is a legitimate reading"
            },
            {
              "name": "answered",
              "short": null,
              "long": "answered",
              "takes_value": true,
              "positional": false,
              "help": "Comma-separated conclusions that constitute an answer; anything else is not yet one"
            },
            {
              "name": "fanin",
              "short": null,
              "long": "fanin",
              "takes_value": true,
              "positional": false,
              "help": "The fan-in check whose failure a cancelled sibling can manufacture"
            },
            {
              "name": "interval",
              "short": null,
              "long": "interval",
              "takes_value": true,
              "positional": false,
              "help": "Seconds between requests; a server-requested floor raises it and nothing lowers it"
            },
            {
              "name": "progress",
              "short": null,
              "long": "progress",
              "takes_value": true,
              "positional": false,
              "help": "Program to record the poll's tick and reading-change signals"
            },
            {
              "name": "progress_id",
              "short": null,
              "long": "progress-id",
              "takes_value": true,
              "positional": false,
              "help": "The identity the progress recorder keys its entries on"
            },
            {
              "name": "repo",
              "short": null,
              "long": "repo",
              "takes_value": true,
              "positional": false,
              "help": "The repository to read, in the forge client's own spelling"
            },
            {
              "name": "required",
              "short": null,
              "long": "required",
              "takes_value": true,
              "positional": false,
              "help": "Comma-separated check names that carry a verdict about this repository"
            },
            {
              "name": "sha",
              "short": null,
              "long": "sha",
              "takes_value": true,
              "positional": false,
              "help": "The commit whose check runs to read"
            }
          ],
          "subcommands": []
        }
      ]
    },
    {
      "path": "provision",
      "id": "provision",
      "about": "Pinned tools this repository provisions, cached out of tree",
      "effect": "unclassified",
      "data_channel": false,
      "flags": [],
      "subcommands": [
        {
          "path": "provision apply",
          "id": "provision.apply",
          "about": "Fetch, verify against the pinned checksum, and install into the out-of-tree cache",
          "effect": "write",
          "data_channel": false,
          "flags": [
            {
              "name": "dry_run",
              "short": "n",
              "long": "dry-run",
              "takes_value": false,
              "positional": false,
              "help": "Preview what would be applied, writing nothing"
            }
          ],
          "subcommands": []
        },
        {
          "path": "provision status",
          "id": "provision.status",
          "about": "Report which provisioned tools do not match the manifest",
          "effect": "read",
          "data_channel": true,
          "flags": [
            {
              "name": "json",
              "short": "J",
              "long": "json",
              "takes_value": false,
              "positional": false,
              "help": "Emit byte-stable JSON instead of pointer lines"
            }
          ],
          "subcommands": []
        }
      ]
    },
    {
      "path": "ready",
      "id": "ready",
      "about": "Whether an issue's Ready block satisfies the checkable clauses of the gate",
      "effect": "unclassified",
      "data_channel": false,
      "flags": [],
      "subcommands": [
        {
          "path": "ready lint",
          "id": "ready.lint",
          "about": "Refuse an issue whose Ready block fails a checkable clause of the Definition of Ready",
          "effect": "read",
          "data_channel": true,
          "flags": [
            {
              "name": "issue",
              "short": null,
              "long": "issue",
              "takes_value": true,
              "positional": false,
              "help": "Resolve the payload from the capture store by this issue key instead of reading stdin"
            },
            {
              "name": "json",
              "short": "J",
              "long": "json",
              "takes_value": false,
              "positional": false,
              "help": "Emit byte-stable JSON instead of pointer lines"
            }
          ],
          "subcommands": []
        }
      ]
    },
    {
      "path": "receipt",
      "id": "receipt",
      "about": "Verification receipts: SHA-keyed claims a named check passed, invalidated by git facts",
      "effect": "unclassified",
      "data_channel": false,
      "flags": [],
      "subcommands": [
        {
          "path": "receipt record",
          "id": "receipt.record",
          "about": "Record that the named check concluded pass against the current HEAD",
          "effect": "write",
          "data_channel": false,
          "flags": [
            {
              "name": "check",
              "short": null,
              "long": null,
              "takes_value": true,
              "positional": true,
              "help": "The check whose conclusion is being recorded"
            }
          ],
          "subcommands": []
        },
        {
          "path": "receipt status",
          "id": "receipt.status",
          "about": "Judge the named check's recorded receipt against HEAD and origin/main",
          "effect": "read",
          "data_channel": true,
          "flags": [
            {
              "name": "check",
              "short": null,
              "long": null,
              "takes_value": true,
              "positional": true,
              "help": "The check whose receipt is judged"
            },
            {
              "name": "json",
              "short": "J",
              "long": "json",
              "takes_value": false,
              "positional": false,
              "help": "Emit byte-stable JSON instead of pointer lines"
            },
            {
              "name": "key",
              "short": null,
              "long": "key",
              "takes_value": true,
              "positional": false,
              "help": "Which git fact the receipt is judged against: the exact commit, or the branch"
            }
          ],
          "subcommands": []
        }
      ]
    },
    {
      "path": "record",
      "id": "record",
      "about": "Out-of-tree verdict stores: what something else judged, keyed so a stale answer cannot answer",
      "effect": "unclassified",
      "data_channel": false,
      "flags": [],
      "subcommands": [
        {
          "path": "record closes",
          "id": "record.closes",
          "about": "Record which rows this branch's pull request body closes, read on stdin",
          "effect": "write",
          "data_channel": false,
          "flags": [],
          "subcommands": []
        },
        {
          "path": "record forge",
          "id": "record.forge",
          "about": "Record the forge's check verdicts for one commit, read as `<check> <conclusion>` lines on stdin",
          "effect": "write",
          "data_channel": false,
          "flags": [
            {
              "name": "ref",
              "short": null,
              "long": null,
              "takes_value": true,
              "positional": true,
              "help": "The ref or sha the verdict was taken against"
            }
          ],
          "subcommands": []
        },
        {
          "path": "record plan",
          "id": "record.plan",
          "about": "Record this branch's plan, read as `<id> <status>` lines on stdin",
          "effect": "write",
          "data_channel": false,
          "flags": [],
          "subcommands": []
        },
        {
          "path": "record tool",
          "id": "record.tool",
          "about": "Record a declared tool row's verdict, read as `<name> <token>` lines on stdin",
          "effect": "write",
          "data_channel": false,
          "flags": [
            {
              "name": "id",
              "short": null,
              "long": null,
              "takes_value": true,
              "positional": true,
              "help": "The `[[rule.tools]]` id whose verdict is being recorded"
            }
          ],
          "subcommands": []
        }
      ]
    },
    {
      "path": "semver",
      "id": "semver",
      "about": "Whether this branch's API delta is compatible with the bump it claims",
      "effect": "unclassified",
      "data_channel": false,
      "flags": [],
      "subcommands": [
        {
          "path": "semver check",
          "id": "semver.check",
          "about": "Refuse an API break this branch's commits do not declare",
          "effect": "write",
          "data_channel": false,
          "flags": [
            {
              "name": "baseline",
              "short": null,
              "long": "baseline",
              "takes_value": true,
              "positional": false,
              "help": "The rev to measure the API delta against (default: origin/main)"
            },
            {
              "name": "package",
              "short": null,
              "long": "package",
              "takes_value": true,
              "positional": false,
              "help": "The package whose public API is compared (default: batten)"
            },
            {
              "name": "release_type",
              "short": null,
              "long": "release-type",
              "takes_value": true,
              "positional": false,
              "help": "The bump being claimed, which is what the delta is judged against"
            }
          ],
          "subcommands": []
        }
      ]
    },
    {
      "path": "spec",
      "id": "spec",
      "about": "Print the tool's own command spec",
      "effect": "read",
      "data_channel": false,
      "flags": [
        {
          "name": "format",
          "short": null,
          "long": "format",
          "takes_value": true,
          "positional": false,
          "help": "The output format for the spec"
        }
      ],
      "subcommands": []
    },
    {
      "path": "startup",
      "id": "startup",
      "about": "Report whether this container matches what the repository declares",
      "effect": "unclassified",
      "data_channel": true,
      "flags": [
        {
          "name": "json",
          "short": "J",
          "long": "json",
          "takes_value": false,
          "positional": false,
          "help": "Emit byte-stable JSON instead of pointer lines"
        },
        {
          "name": "repair",
          "short": null,
          "long": "repair",
          "takes_value": false,
          "positional": false,
          "help": "Run each failing row's declared repair, then re-decide its check"
        }
      ],
      "subcommands": []
    },
    {
      "path": "state",
      "id": "state",
      "about": "The out-of-tree findings store: which store belongs to this checkout",
      "effect": "unclassified",
      "data_channel": false,
      "flags": [],
      "subcommands": [
        {
          "path": "state adopt",
          "id": "state.adopt",
          "about": "Bind this checkout to its findings store, minting one only if none exists",
          "effect": "write",
          "data_channel": false,
          "flags": [
            {
              "name": "store",
              "short": null,
              "long": null,
              "takes_value": true,
              "positional": true,
              "help": "The store id to bind, when resolution cannot decide for itself"
            }
          ],
          "subcommands": []
        },
        {
          "path": "state list",
          "id": "state.list",
          "about": "List stored findings and the refs they were observed in",
          "effect": "read",
          "data_channel": true,
          "flags": [
            {
              "name": "json",
              "short": "J",
              "long": "json",
              "takes_value": false,
              "positional": false,
              "help": "Emit byte-stable JSON instead of pointer lines"
            }
          ],
          "subcommands": []
        },
        {
          "path": "state migrate",
          "id": "state.migrate",
          "about": "Upgrade the findings store to this binary's record version",
          "effect": "write",
          "data_channel": false,
          "flags": [],
          "subcommands": []
        },
        {
          "path": "state record",
          "id": "state.record",
          "about": "Record this ref's findings into the store, and GC instances whose ref is gone",
          "effect": "write",
          "data_channel": false,
          "flags": [],
          "subcommands": []
        },
        {
          "path": "state settle",
          "id": "state.settle",
          "about": "Record what was decided about a stored finding",
          "effect": "write",
          "data_channel": false,
          "flags": [
            {
              "name": "disposition",
              "short": null,
              "long": null,
              "takes_value": true,
              "positional": true,
              "help": "What was decided: acted, rejected-by-design or rejected-wrong"
            },
            {
              "name": "identity",
              "short": null,
              "long": null,
              "takes_value": true,
              "positional": true,
              "help": "The stored finding's identity, as `state list` prints it"
            }
          ],
          "subcommands": []
        }
      ]
    },
    {
      "path": "target",
      "id": "target",
      "about": "Inspect and reclaim this repository's build tree",
      "effect": "unclassified",
      "data_channel": false,
      "flags": [],
      "subcommands": [
        {
          "path": "target prune",
          "id": "target.prune",
          "about": "Reclaim superseded build artifacts, and refuse below the measured disk floor for the build the next lap will run",
          "effect": "destructive",
          "data_channel": false,
          "flags": [
            {
              "name": "dry_run",
              "short": "n",
              "long": "dry-run",
              "takes_value": false,
              "positional": false,
              "help": "Preview what would be applied, writing nothing"
            },
            {
              "name": "root",
              "short": null,
              "long": "root",
              "takes_value": true,
              "positional": false,
              "help": "The build directory to prune, instead of the configured one"
            }
          ],
          "subcommands": []
        }
      ]
    },
    {
      "path": "wiring",
      "id": "wiring",
      "about": "Repair a host's hook registrations",
      "effect": "unclassified",
      "data_channel": false,
      "flags": [],
      "subcommands": [
        {
          "path": "wiring reclaim",
          "id": "wiring.reclaim",
          "about": "Remove non-batten hook registrations from this host's merged surfaces",
          "effect": "destructive",
          "data_channel": false,
          "flags": [
            {
              "name": "check",
              "short": null,
              "long": "check",
              "takes_value": false,
              "positional": false,
              "help": "Exit non-zero if a repair is owed, and remove nothing"
            },
            {
              "name": "dry_run",
              "short": "n",
              "long": "dry-run",
              "takes_value": false,
              "positional": false,
              "help": "Preview what would be applied, writing nothing"
            }
          ],
          "subcommands": []
        }
      ]
    },
    {
      "path": "worktree",
      "id": "worktree",
      "about": "Worktrees and the work in them: what is at risk",
      "effect": "unclassified",
      "data_channel": false,
      "flags": [],
      "subcommands": [
        {
          "path": "worktree status",
          "id": "worktree.status",
          "about": "Report work that is uncommitted, unpushed, or not landed on the configured target",
          "effect": "read",
          "data_channel": true,
          "flags": [
            {
              "name": "json",
              "short": "J",
              "long": "json",
              "takes_value": false,
              "positional": false,
              "help": "Emit byte-stable JSON instead of pointer lines"
            }
          ],
          "subcommands": []
        }
      ]
    }
  ],
  "read_only_allowlist": [
    {
      "id": "attribution.check",
      "path": "attribution check"
    },
    {
      "id": "capture.find",
      "path": "capture find"
    },
    {
      "id": "capture.list",
      "path": "capture list"
    },
    {
      "id": "capture.show",
      "path": "capture show"
    },
    {
      "id": "check",
      "path": "check"
    },
    {
      "id": "checks.green",
      "path": "checks green"
    },
    {
      "id": "commit",
      "path": "commit"
    },
    {
      "id": "commit.check",
      "path": "commit check"
    },
    {
      "id": "config",
      "path": "config"
    },
    {
      "id": "config.deprecations",
      "path": "config deprecations"
    },
    {
      "id": "config.epoch",
      "path": "config epoch"
    },
    {
      "id": "config.lint",
      "path": "config lint"
    },
    {
      "id": "config.show",
      "path": "config show"
    },
    {
      "id": "defects.query",
      "path": "defects query"
    },
    {
      "id": "design.audit",
      "path": "design audit"
    },
    {
      "id": "doctor",
      "path": "doctor"
    },
    {
      "id": "doctor.hooks",
      "path": "doctor hooks"
    },
    {
      "id": "generate",
      "path": "generate"
    },
    {
      "id": "generate.completions",
      "path": "generate completions"
    },
    {
      "id": "generate.hooks",
      "path": "generate hooks"
    },
    {
      "id": "generate.man",
      "path": "generate man"
    },
    {
      "id": "generate.markdown",
      "path": "generate markdown"
    },
    {
      "id": "generate.schema",
      "path": "generate schema"
    },
    {
      "id": "lease.authorises",
      "path": "lease authorises"
    },
    {
      "id": "lease.check",
      "path": "lease check"
    },
    {
      "id": "lease.held",
      "path": "lease held"
    },
    {
      "id": "lease.peek",
      "path": "lease peek"
    },
    {
      "id": "lease.status",
      "path": "lease status"
    },
    {
      "id": "lint",
      "path": "lint"
    },
    {
      "id": "lint.brief",
      "path": "lint brief"
    },
    {
      "id": "mutate.census",
      "path": "mutate census"
    },
    {
      "id": "payload",
      "path": "payload"
    },
    {
      "id": "payload.field",
      "path": "payload field"
    },
    {
      "id": "policy",
      "path": "policy"
    },
    {
      "id": "policy.budget",
      "path": "policy budget"
    },
    {
      "id": "policy.explain",
      "path": "policy explain"
    },
    {
      "id": "policy.hooks",
      "path": "policy hooks"
    },
    {
      "id": "policy.test",
      "path": "policy test"
    },
    {
      "id": "policy.tools",
      "path": "policy tools"
    },
    {
      "id": "provision.status",
      "path": "provision status"
    },
    {
      "id": "ready.lint",
      "path": "ready lint"
    },
    {
      "id": "receipt.status",
      "path": "receipt status"
    },
    {
      "id": "spec",
      "path": "spec"
    },
    {
      "id": "state.list",
      "path": "state list"
    },
    {
      "id": "worktree.status",
      "path": "worktree status"
    }
  ]
}
