---
source: crates/batten/tests/it/snapshots.rs
expression: stdout_of(&output)
---
{
  "fail_on_warning": false,
  "findings": [
    {
      "rule": "no todo",
      "path": "a.rs",
      "line": 1,
      "severity": "deny",
      "report": "fail",
      "identity": {
        "fingerprint": "d9f86609ab986e2fd8b795a15c0d7b6c69d8bac7455046ba3b0889d9a8990169",
        "version": "code:2026-08-06"
      }
    },
    {
      "rule": "no todo",
      "path": "b.rs",
      "line": 1,
      "severity": "deny",
      "report": "fail",
      "identity": {
        "fingerprint": "062895ed8666aa9fc5e3b743176424f375694c4fec6f1930135112f51c42d3dc",
        "version": "code:2026-08-06"
      }
    }
  ]
}
